XXXXXXXXXXXXXXXXXXXXXXXXXXXXXXXXXXXXXXXXXXXXXXXXXX
X                                                X
X                                                X
X                                                X
X               XX   XX                          X
X                                                X
X                  X                             X
X              X       X                         X
X               XXXXXXX                          X
X                                                X
X                                                X
X                                                X
X       @                                        X
X                                                X
X                                                X
X                                                X
X             XXXXXXXXX                          X
X             XXXXXXXXX                          X
X             XXXXXXXXX                          X
X             XXXXXXXXX                          X
X                                                X
X                                                X
X                                                X
X                                                X
X          XXXXXX                                X
X          X    X                                X
X          X    X                                X
X          XXXXXX                                X
X                                                X
X                                                X
X                               X                X
X                               X                X
X                               X                X
X                               X                X
X                      X  XXXX  X                X
X                      X                         X
X                      X                         X
X                      X                         X
X                                                X
X                                                X
X                                                X
X                                                X
X         X                                      X
X         X                                      X
X         X                                      X
X         XXXXXXXX       XXXXX                   X
X                            X                   X
X                            X                   X
X                            X                   X
XXXXXXXXXXXXXXXXXXXXXXXXXXXXXXXXXXXXXXXXXXXXXXXXXX
